\BOOKMARK [0][-]{section*.8}{\376\377\004\027\004\076\004\105\004\070\004\076\004\063\004\107\000\040\004\115\004\100\004\105\004\070\004\071\004\075\000\040\004\105\004\060\004\074\004\063\004\060\004\060\004\073\004\060\004\073}{}% 1
\BOOKMARK [0][-]{section*.8}{\376\377\004\045\004\103\004\100\004\060\004\060\004\075\004\063\004\103\004\071}{}% 2
\BOOKMARK [0][-]{section*.9}{\376\377\004\042\004\060\004\073\004\060\004\100\004\105\004\060\004\073}{}% 3
\BOOKMARK [0][-]{table.0.1}{\376\377\004\042\004\076\004\062\004\107\004\070\004\073\004\101\004\076\004\075\000\040\004\257\004\063\004\101}{}% 4
\BOOKMARK [0][-]{chapter.14}{\376\377\004\036\004\075\004\076\004\073\004\113\004\075\000\040\004\076\004\071\004\073\004\063\004\076\004\073\004\102}{}% 5
\BOOKMARK [1][-]{section.15}{\376\377\004\025\004\100\004\351\004\075\004\105\004\070\004\071\000\040\004\076\004\071\004\073\004\063\004\076\004\073\004\102}{chapter.14}% 6
\BOOKMARK [1][-]{section.16}{\376\377\004\042\004\351\004\101\004\073\004\070\004\071\004\075\000\040\004\060\004\066\004\073\004\113\004\075\000\040\004\067\004\076\004\100\004\070\004\073\004\063\004\076}{chapter.14}% 7
\BOOKMARK [1][-]{section.23}{\376\377\004\034\004\076\004\075\004\063\004\076\004\073\000\040\004\043\004\073\004\101\004\113\004\075\000\040\004\105\004\103\004\103\004\073\004\114\000\040\004\067\004\257\004\071\004\075\000\040\004\067\004\060\004\105\000\040\004\067\004\115\004\115\004\073\004\070\004\071\004\075\000\040\004\101\004\103\004\064\004\060\004\073\004\063\004\060\004\060}{chapter.14}% 8
\BOOKMARK [2][-]{subsection.24}{\376\377\004\045\004\103\004\103\004\073\004\114\000\040\004\067\004\257\004\071\004\075\000\040\004\257\004\071\004\073\004\107\004\070\004\073\004\063\004\115\004\115\004\075\004\070\004\071\000\040\004\115\004\100\004\115\004\073\004\102\000\040\004\061\004\060\000\040\004\075\004\070\004\071\004\073\004\257\004\257\004\073\004\115\004\073\004\102\004\070\004\071\004\075\000\040\004\067\004\351\004\100\004\257\004\257}{section.23}% 9
\BOOKMARK [2][-]{subsection.25}{\376\377\004\027\004\076\004\100\004\070\004\073\004\102\004\076\004\102\000\040\004\105\004\115\004\100\004\115\004\063\004\073\004\115\004\063\004\107\004\064\004\070\004\071\004\075\000\040\004\110\004\070\004\075\004\066\004\070\004\073\004\063\004\115\004\115}{section.23}% 10
\BOOKMARK [2][-]{subsection.29}{\376\377\000S\000W\000O\000T\000\040\004\110\004\070\004\075\004\066\004\070\004\073\004\063\004\115\004\115}{section.23}% 11
\BOOKMARK [1][-]{section.34}{\376\377\004\030\004\066\004\070\004\073\000\040\004\102\004\351\004\101\004\102\004\115\004\071\000\040\004\101\004\070\004\101\004\102\004\065\004\074\004\070\004\071\004\075\000\040\004\101\004\103\004\064\004\060\004\073\004\063\004\060\004\060}{chapter.14}% 12
\BOOKMARK [2][-]{subsection.35}{\376\377\004\023\004\060\004\064\004\060\004\060\004\064\004\113\004\075\000\040\004\101\004\070\004\101\004\102\004\065\004\074\004\257\004\257\004\064\004\102\004\115\004\071\000\040\004\105\004\060\004\100\004\114\004\106\004\103\004\103\004\073\004\101\004\060\004\075\000\040\004\101\004\103\004\064\004\060\004\073\004\063\004\060\004\060}{section.34}% 13
\BOOKMARK [3][-]{subsubsection*.36}{\376\377\000H\000a\000r\000v\000e\000y\000\040\000A\000I\000\040\000\050\004\024\004\115\004\073\004\105\004\070\004\071\004\075\000\040\004\102\004\115\004\100\004\063\004\257\004\257\004\073\004\115\004\063\004\107\000\040\000L\000e\000g\000a\000l\000\040\000A\000I\000\051}{subsection.35}% 14
\BOOKMARK [3][-]{subsubsection*.39}{\376\377\000A\000m\000b\000e\000r\000l\000o\000\040\000\050\004\045\004\103\004\103\004\073\004\070\004\071\004\075\000\040\004\104\004\070\004\100\004\074\004\070\004\071\004\075\000\040\004\103\004\064\004\070\004\100\004\064\004\073\004\060\004\063\004\113\004\075\000\040\004\106\004\076\004\063\004\106\000\040\004\101\004\070\004\101\004\102\004\065\004\074\000\051}{subsection.35}% 15
\BOOKMARK [2][-]{subsection.42}{\376\377\004\034\004\076\004\075\004\063\004\076\004\073\004\113\004\075\000\040\004\101\004\070\004\101\004\102\004\065\004\074\004\257\004\257\004\064\004\102\004\115\004\071\000\040\004\105\004\060\004\100\004\114\004\106\004\103\004\103\004\073\004\101\004\060\004\075\000\040\004\101\004\103\004\064\004\060\004\073\004\063\004\060\004\060}{section.34}% 16
\BOOKMARK [3][-]{subsubsection*.43}{\376\377\000L\000e\000g\000a\000l\000i\000n\000f\000o\000.\000m\000n\000\040\000\050\004\055\004\100\004\105\000\040\004\067\004\257\004\071\004\075\000\040\004\074\004\115\004\064\004\115\004\115\004\073\004\073\004\070\004\071\004\075\000\040\004\075\004\115\004\063\004\064\004\101\004\115\004\075\000\040\004\101\004\070\004\101\004\102\004\065\004\074\000\051}{subsection.42}% 17
\BOOKMARK [3][-]{subsubsection*.46}{\376\377\000E\000-\000k\000h\000u\000t\000u\000c\000h\000.\000m\000n\000\040\000\050\004\055\004\100\004\105\000\040\004\067\004\257\004\071\004\075\000\040\004\105\004\351\004\102\004\351\004\107\000\051}{subsection.42}% 18
\BOOKMARK [1][-]{section.49}{\376\377\004\042\004\065\004\105\004\075\004\076\004\073\004\076\004\063\004\070\004\071\004\075\000\040\004\101\004\103\004\064\004\060\004\073\004\063\004\060\004\060}{chapter.14}% 19
\BOOKMARK [2][-]{subsection.50}{\376\377\000B\000a\000c\000k\000-\000E\000n\000d\000\040\004\105\004\351\004\063\004\066\004\257\004\257\004\073\004\115\004\073\004\102\004\115\004\064\000\040\004\060\004\110\004\070\004\063\004\073\004\060\004\105\000\040\004\102\004\065\004\105\004\075\004\076\004\073\004\076\004\063\004\070\004\103\004\064}{section.49}% 20
\BOOKMARK [2][-]{subsection.51}{\376\377\004\350\004\063\004\351\004\063\004\064\004\073\004\070\004\071\004\075\000\040\004\101\004\060\004\075\004\063\004\070\004\071\004\075\000\040\004\102\004\257\004\062\004\110\004\070\004\075\004\064\000\040\004\060\004\110\004\070\004\063\004\073\004\060\004\105\000\040\004\102\004\065\004\105\004\075\004\076\004\073\004\076\004\063\004\070\004\103\004\064}{section.49}% 21
\BOOKMARK [2][-]{subsection.52}{\376\377\004\045\004\115\004\100\004\115\004\063\004\073\004\115\004\063\004\107\004\070\004\071\004\075\000\040\004\061\004\060\004\102\004\060\004\073\004\063\004\060\004\060\004\066\004\103\004\103\004\073\004\060\004\073\004\102\000\040\004\061\004\060\000\040\004\060\004\116\004\103\004\073\004\063\004\257\004\071\000\040\004\061\004\060\004\071\004\064\004\073\004\113\004\075\000\040\004\102\004\065\004\105\004\075\004\076\004\073\004\076\004\063\004\070\004\103\004\064}{section.49}% 22
\BOOKMARK [2][-]{subsection.53}{\376\377\000F\000r\000o\000n\000t\000-\000E\000n\000d\000\040\004\105\004\351\004\063\004\066\004\257\004\257\004\073\004\115\004\073\004\102\004\115\004\064\000\040\004\060\004\110\004\070\004\063\004\073\004\060\004\105\000\040\004\102\004\065\004\105\004\075\004\076\004\073\004\076\004\063\004\070\004\103\004\064}{section.49}% 23
\BOOKMARK [2][-]{subsection.54}{\376\377\000A\000I\000\040\004\070\004\075\004\102\004\065\004\063\004\100\004\060\004\106\004\107\004\070\004\073\004\060\004\073\004\064\000\040\004\060\004\110\004\070\004\063\004\073\004\060\004\105\000\040\004\102\004\065\004\105\004\075\004\076\004\073\004\076\004\063\004\070\004\103\004\064}{section.49}% 24
\BOOKMARK [2][-]{subsection.55}{\376\377\004\045\004\103\004\103\004\073\004\070\004\071\004\075\000\040\004\061\004\060\004\100\004\070\004\074\004\102\000\040\004\061\004\070\004\107\004\070\004\063\000\040\004\061\004\076\004\073\004\076\004\062\004\101\004\100\004\103\004\103\004\073\004\060\004\105\000\040\004\102\004\065\004\105\004\075\004\076\004\073\004\076\004\063\004\070\004\103\004\064}{section.49}% 25
\BOOKMARK [1][-]{section.56}{\376\377\004\350\004\351\004\100\004\070\004\071\004\075\000\040\004\105\004\351\004\063\004\066\004\257\004\257\004\073\004\066\000\040\004\061\004\103\004\071\000\040\004\101\004\070\004\101\004\102\004\065\004\074\004\070\004\071\004\075\000\040\004\076\004\075\004\076\004\073\004\113\004\075\000\040\004\257\004\075\004\064\004\115\004\101\004\073\004\115\004\073}{chapter.14}% 26
\BOOKMARK [2][-]{subsection.57}{\376\377\004\021\004\060\004\071\004\063\004\060\004\073\004\070\004\071\004\075\000\040\004\105\004\115\004\073\000\040\004\061\004\076\004\073\004\076\004\062\004\101\004\100\004\103\004\103\004\073\004\060\004\073\004\102\000\040\000\050\000N\000L\000P\000\051\000\040\004\061\004\060\000\040\004\105\004\103\004\103\004\073\004\114\000\040\004\067\004\257\004\071\004\075\000\040\004\102\004\065\004\072\004\101\004\102\004\070\004\071\004\075\000\040\004\061\004\076\004\073\004\076\004\062\004\101\004\100\004\103\004\103\004\073\004\060\004\073\004\102}{section.56}% 27
\BOOKMARK [2][-]{subsection.58}{\376\377\004\034\004\115\004\064\004\115\004\115\004\073\004\115\004\073\000\040\004\101\004\115\004\100\004\063\004\115\004\115\004\105\000\040\004\061\004\060\000\040\000A\000I\000\040\004\102\004\103\004\101\004\073\004\060\004\074\004\066\004\102\004\060\004\071\000\040\004\105\004\060\004\100\004\070\004\103\004\073\004\102\000\040\004\061\004\076\004\073\004\076\004\062\004\101\004\100\004\103\004\103\004\073\004\060\004\105\000\040\004\067\004\060\004\100\004\107\004\070\004\074\000\040\000\050\000R\000A\000G\000\051}{section.56}% 28
\BOOKMARK [3][-]{subsubsection*.59}{\376\377\000R\000A\000G\000\040\004\063\004\115\004\066\000\040\004\116\004\103\000\040\004\062\004\115\000?}{subsection.58}% 29
\BOOKMARK [3][-]{subsubsection*.63}{\376\377\004\041\004\070\004\101\004\102\004\065\004\074\004\064\000\040\000R\000A\000G\000-\004\070\004\071\004\063\000\040\004\105\004\115\004\100\004\105\004\115\004\075\000\040\004\105\004\115\004\100\004\115\004\063\004\073\004\115\004\066\000\040\004\061\004\060\004\071\004\075\004\060}{subsection.58}% 30
\BOOKMARK [2][-]{subsection.64}{\376\377\004\034\004\115\004\064\004\115\004\115\004\073\004\073\004\070\004\071\004\075\000\040\004\101\004\070\004\101\004\102\004\065\004\074\004\070\004\071\004\075\000\040\004\064\004\060\004\062\004\105\004\060\004\100\004\063\004\060\004\102\000\040\004\060\004\100\004\105\004\070\004\102\004\065\004\072\004\102\004\103\004\100\000\040\000\050\000L\000a\000y\000e\000r\000e\000d\000\040\000A\000r\000c\000h\000i\000t\000e\000c\000t\000u\000r\000e\000\051}{section.56}% 31
\BOOKMARK [2][-]{subsection.65}{\376\377\004\037\004\100\004\076\004\063\004\100\004\060\004\074\004\074\000\040\004\105\004\060\004\075\004\063\004\060\004\074\004\066\004\070\004\071\004\075\000\040\004\121\004\101\000\040\004\067\004\257\004\071\000\040\004\061\004\060\000\040\000A\000I\000\040\004\105\004\060\004\100\004\070\004\103\004\106\004\073\004\060\004\063\004\060}{section.56}% 32
\BOOKMARK [1][-]{section.66}{\376\377\004\021\004\257\004\073\004\063\004\070\004\071\004\075\000\040\004\064\004\257\004\063\004\075\004\115\004\073\004\102}{chapter.14}% 33
\BOOKMARK [0][-]{chapter.67}{\376\377\004\041\004\070\004\101\004\102\004\065\004\074\004\070\004\071\004\075\000\040\004\110\004\070\004\075\004\066\004\070\004\073\004\063\004\115\004\115\000\040\004\061\004\060\000\040\004\067\004\060\004\063\004\062\004\060\004\100\004\107\004\073\004\060\004\073}{}% 34
\BOOKMARK [1][-]{section.68}{\376\377\004\020\004\101\004\103\004\103\004\064\004\073\004\113\004\075\000\040\004\102\004\076\004\064\004\076\004\100\004\105\004\076\004\071\004\073\004\076\004\073\004\102}{chapter.67}% 35
\BOOKMARK [2][-]{subsection.69}{\376\377\004\036\004\064\004\076\004\076\004\063\004\070\004\071\004\075\000\040\004\105\004\115\004\100\004\115\004\063\004\073\004\115\004\063\004\064\004\115\004\066\000\040\004\061\004\103\004\071\000\040\004\077\004\100\004\076\004\106\004\065\004\101\004\101\000,\000\040\004\102\004\257\004\257\004\075\004\070\004\071\000\040\004\105\004\257\004\075\004\064\004\100\004\115\004\073\000,\000\040\004\064\004\076\004\063\004\076\004\073\004\064\004\076\004\073}{section.68}% 36
\BOOKMARK [2][-]{subsection.70}{\376\377\004\045\004\115\004\100\004\115\004\063\004\073\004\115\004\063\004\107\004\064\004\070\004\071\004\075\000\040\004\102\004\103\004\073\004\063\004\060\004\074\004\064\004\101\004\060\004\075\000\040\004\060\004\101\004\103\004\103\004\064\004\060\004\073}{section.68}% 37
\BOOKMARK [1][-]{section.71}{\376\377\004\045\004\115\004\100\004\115\004\063\004\073\004\115\004\063\004\107\004\070\004\071\004\075\000\040\004\110\004\060\004\060\004\100\004\064\004\073\004\060\004\063\004\113\004\075\000\040\004\110\004\070\004\075\004\066\004\070\004\073\004\063\004\115\004\115}{chapter.67}% 38
\BOOKMARK [2][-]{subsection.72}{\376\377\004\045\004\115\004\100\004\115\004\063\004\073\004\115\004\063\004\107\004\070\004\071\004\075\000\040\004\104\004\103\004\075\004\072\004\106\004\070\004\076\004\075\004\060\004\073\004\114\000\040\004\110\004\060\004\060\004\100\004\064\004\073\004\060\004\063\004\060}{section.71}% 39
\BOOKMARK [2][-]{subsection.73}{\376\377\004\045\004\115\004\100\004\115\004\063\004\073\004\115\004\063\004\107\004\070\004\071\004\075\000\040\004\257\004\257\004\100\004\115\004\063\000,\000\040\004\060\004\110\004\070\004\063\004\073\004\060\004\073\004\102\004\113\004\075\000\040\004\105\004\103\004\062\004\070\004\073\004\061\004\060\004\100\004\103\004\103\004\064}{section.71}% 40
\BOOKMARK [1][-]{section.77}{\376\377\004\044\004\103\004\075\004\072\004\106\004\070\004\076\004\075\004\060\004\073\000\040\004\061\004\103\004\101\000\040\004\110\004\060\004\060\004\100\004\064\004\073\004\060\004\063\004\060}{chapter.67}% 41
\BOOKMARK [2][-]{subsection.78}{\376\377\004\023\004\257\004\071\004\106\004\115\004\102\004\063\004\115\004\073\004\070\004\071\004\075\000\040\004\110\004\060\004\060\004\100\004\064\004\073\004\060\004\063\004\060}{section.77}% 42
\BOOKMARK [2][-]{subsection.79}{\376\377\004\020\004\116\004\103\004\073\004\063\004\257\004\071\000\040\004\061\004\060\004\071\004\064\004\073\004\113\004\075\000\040\004\110\004\060\004\060\004\100\004\064\004\073\004\060\004\063\004\060}{section.77}% 43
\BOOKMARK [2][-]{subsection.80}{\376\377\004\045\004\060\004\074\004\063\004\060\004\060\004\073\004\060\004\073\004\102\000,\000\040\004\075\004\103\004\103\004\106\004\073\004\060\004\073\004\113\004\075\000\040\004\110\004\060\004\060\004\100\004\064\004\073\004\060\004\063\004\060}{section.77}% 44
\BOOKMARK [1][-]{section.81}{\376\377\004\056\004\067\004\072\004\065\004\071\004\101\000\040\004\064\004\070\004\060\004\063\004\100\004\060\004\074\000\040\004\061\004\060\000\040\004\105\004\257\004\101\004\075\004\115\004\063\004\102\004\115\004\075\000\040\004\102\004\076\004\064\004\076\004\100\004\105\004\076\004\071\004\073\004\076\004\073\004\102}{chapter.67}% 45
\BOOKMARK [1][-]{section.105}{\376\377\004\256\004\071\004\073\000\040\004\060\004\066\004\070\004\073\004\073\004\060\004\063\004\060\004\060\004\075\004\113\000\040\004\064\004\070\004\060\004\063\004\100\004\060\004\074}{chapter.67}% 46
\BOOKMARK [1][-]{section.108}{\376\377\004\024\004\060\004\100\004\060\004\060\004\073\004\073\004\113\004\075\000\040\004\064\004\070\004\060\004\063\004\100\004\060\004\074}{chapter.67}% 47
\BOOKMARK [1][-]{section.111}{\376\377\004\045\004\060\004\074\004\060\004\060\004\100\004\073\004\113\004\075\000\040\004\064\004\070\004\060\004\063\004\100\004\060\004\074}{chapter.67}% 48
\BOOKMARK [1][-]{section.113}{\376\377\004\032\004\073\004\060\004\101\004\101\000\040\004\064\004\070\004\060\004\063\004\100\004\060\004\074}{chapter.67}% 49
\BOOKMARK [1][-]{section.115}{\376\377\004\020\004\100\004\105\004\070\004\102\004\065\004\072\004\102\004\103\004\100\004\113\004\075\000\040\004\110\004\070\004\071\004\064\004\115\004\073}{chapter.67}% 50
\BOOKMARK [2][-]{subsection.117}{\376\377\004\041\004\070\004\101\004\102\004\065\004\074\004\070\004\071\004\075\000\040\004\065\004\100\004\351\004\075\004\105\004\070\004\071\000\040\004\060\004\100\004\105\004\070\004\102\004\065\004\072\004\102\004\103\004\100\000\040\000\050\000H\000i\000g\000h\000-\000l\000e\000v\000e\000l\000\051}{section.115}% 51
\BOOKMARK [2][-]{subsection.121}{\376\377\004\024\004\115\004\073\004\063\004\115\004\100\004\115\004\075\004\063\004\257\004\071\000\040\004\060\004\100\004\105\004\070\004\102\004\065\004\072\004\102\004\103\004\100\000\040\000\050\000C\000o\000m\000p\000o\000n\000e\000n\000t\000-\000l\000e\000v\000e\000l\000\051}{section.115}% 52
\BOOKMARK [2][-]{subsection.122}{\376\377\000R\000A\000G\000\040\004\351\004\063\004\351\004\063\004\064\004\073\004\070\004\071\004\075\000\040\004\103\004\100\004\101\004\063\004\060\004\073}{section.115}% 53
\BOOKMARK [2][-]{subsection.124}{\376\377\004\350\004\063\004\351\004\063\004\064\004\073\004\070\004\071\004\075\000\040\004\065\004\100\004\351\004\075\004\105\004\070\004\071\000\040\004\103\004\100\004\101\004\063\004\060\004\073\000\040\000\050\000D\000a\000t\000a\000\040\000F\000l\000o\000w\000\051}{section.115}% 54
\BOOKMARK [2][-]{subsection.133}{\376\377\000D\000e\000p\000l\000o\000y\000m\000e\000n\000t\000\040\004\060\004\100\004\105\004\070\004\102\004\065\004\072\004\102\004\103\004\100}{section.115}% 55
\BOOKMARK [2][-]{subsection.134}{\376\377\000T\000e\000c\000h\000n\000o\000l\000o\000g\000y\000\040\000S\000t\000a\000c\000k}{section.115}% 56
\BOOKMARK [2][-]{subsection.136}{\376\377\004\020\004\100\004\105\004\070\004\102\004\065\004\072\004\102\004\103\004\100\004\113\004\075\000\040\004\064\004\060\004\062\004\103\004\103\000\040\004\102\004\060\004\073\004\103\004\103\004\064}{section.115}% 57
\BOOKMARK [1][-]{section.137}{\376\377\004\021\004\257\004\073\004\063\004\070\004\071\004\075\000\040\004\064\004\257\004\063\004\075\004\115\004\073\004\102}{chapter.67}% 58
\BOOKMARK [0][-]{chapter.138}{\376\377\004\041\004\070\004\101\004\102\004\065\004\074\004\070\004\071\004\075\000\040\004\105\004\351\004\063\004\066\004\257\004\257\004\073\004\115\004\073\004\102}{}% 59
\BOOKMARK [1][-]{section.139}{\376\377\004\045\004\351\004\063\004\066\004\257\004\257\004\073\004\115\004\073\004\102\004\070\004\071\004\075\000\040\004\076\004\100\004\107\004\070\004\075\000,\000\040\004\102\004\065\004\105\004\075\004\076\004\073\004\076\004\063\004\070\004\071\004\075\000\040\004\101\004\076\004\075\004\063\004\076\004\073\004\102}{chapter.138}% 60
\BOOKMARK [1][-]{section.140}{\376\377\004\041\004\070\004\101\004\102\004\065\004\074\004\070\004\071\004\075\000\040\004\074\004\076\004\064\004\103\004\073\004\114\000,\000\040\004\061\004\257\004\100\004\115\004\073\004\064\004\115\004\105\004\257\004\257\004\075\000\040\004\105\004\115\004\101\004\063\004\257\004\257\004\064}{chapter.138}% 61
\BOOKMARK [2][-]{subsection.141}{\376\377\000F\000r\000o\000n\000t\000e\000n\000d\000\040\000M\000o\000d\000u\000l\000e}{section.140}% 62
\BOOKMARK [2][-]{subsection.142}{\376\377\000B\000a\000c\000k\000e\000n\000d\000\040\000M\000o\000d\000u\000l\000e}{section.140}% 63
\BOOKMARK [2][-]{subsection.143}{\376\377\000D\000a\000t\000a\000\040\000M\000o\000d\000u\000l\000e}{section.140}% 64
\BOOKMARK [2][-]{subsection.144}{\376\377\000D\000a\000t\000a\000\040\000P\000r\000o\000c\000e\000s\000s\000i\000n\000g\000\040\000M\000o\000d\000u\000l\000e}{section.140}% 65
\BOOKMARK [1][-]{section.145}{\376\377\000A\000P\000I\000\040\004\061\004\076\004\073\004\076\004\075\000\040\004\351\004\063\004\351\004\063\004\064\004\351\004\073\000\040\004\101\004\076\004\073\004\070\004\073\004\106\004\076\004\076}{chapter.138}% 66
\BOOKMARK [2][-]{subsection.146}{\376\377\004\256\004\075\004\064\004\101\004\115\004\075\000\040\000A\000P\000I\000\040\000e\000n\000d\000p\000o\000i\000n\000t\000-\004\103\004\103\004\064}{section.145}% 67
\BOOKMARK [3][-]{subsubsection*.147}{\376\377\000A\000u\000t\000h\000e\000n\000t\000i\000c\000a\000t\000i\000o\000n\000\040\000A\000P\000I}{subsection.146}% 68
\BOOKMARK [3][-]{subsubsection*.148}{\376\377\000C\000h\000a\000t\000\040\000A\000P\000I}{subsection.146}% 69
\BOOKMARK [2][-]{subsection.149}{\376\377\004\026\004\070\004\110\004\115\004\115\000\040\004\105\004\257\004\101\004\115\004\073\004\102}{section.145}% 70
\BOOKMARK [2][-]{subsection.150}{\376\377\004\026\004\070\004\110\004\115\004\115\000\040\004\105\004\060\004\100\004\070\004\103}{section.145}% 71
\BOOKMARK [2][-]{subsection.151}{\376\377\004\350\004\063\004\351\004\063\004\064\004\073\004\070\004\071\004\075\000\040\004\103\004\100\004\101\004\063\004\060\004\073}{section.145}% 72
\BOOKMARK [1][-]{section.152}{\376\377\004\020\004\116\004\103\004\073\004\063\004\257\004\071\000\040\004\061\004\060\004\071\004\064\004\060\004\073\000\040\004\061\004\060\000\040\004\075\004\115\004\062\004\102\004\100\004\115\004\073\004\102}{chapter.138}% 73
\BOOKMARK [2][-]{subsection.153}{\376\377\000A\000u\000t\000h\000e\000n\000t\000i\000c\000a\000t\000i\000o\000n}{section.152}% 74
\BOOKMARK [2][-]{subsection.154}{\376\377\000P\000a\000s\000s\000w\000o\000r\000d\000\040\004\105\004\060\004\074\004\063\004\060\004\060\004\073\004\060\004\073\004\102}{section.152}% 75
\BOOKMARK [2][-]{subsection.155}{\376\377\000A\000P\000I\000\040\004\105\004\060\004\074\004\063\004\060\004\060\004\073\004\060\004\073\004\102}{section.152}% 76
\BOOKMARK [2][-]{subsection.156}{\376\377\004\350\004\063\004\351\004\063\004\064\004\073\004\070\004\071\004\075\000\040\004\060\004\116\004\103\004\073\004\063\004\257\004\071\000\040\004\061\004\060\004\071\004\064\004\060\004\073}{section.152}% 77
\BOOKMARK [2][-]{subsection.157}{\376\377\004\035\004\115\004\074\004\115\004\073\004\102\000\040\004\105\004\060\004\074\004\063\004\060\004\060\004\073\004\060\004\073\004\102}{section.152}% 78
\BOOKMARK [1][-]{section.158}{\376\377\000A\000I\000\040\004\070\004\075\004\102\004\065\004\063\004\100\004\060\004\106\004\107\004\070\004\073\004\060\004\073\000\040\000\050\000G\000e\000m\000i\000n\000i\000\051}{chapter.138}% 79
\BOOKMARK [2][-]{subsection.159}{\376\377\004\020\004\066\004\070\004\073\004\073\004\060\004\105\000\040\004\067\004\060\004\100\004\107\004\070\004\074}{section.158}% 80
\BOOKMARK [2][-]{subsection.165}{\376\377\000P\000r\000o\000m\000p\000t\000\040\004\061\004\076\004\073\004\076\004\062\004\101\004\100\004\103\004\103\004\073\004\060\004\105\000\040\004\061\004\257\004\102\004\115\004\106}{section.158}% 81
\BOOKMARK [2][-]{subsection.166}{\376\377\000A\000I\000\040\004\105\004\060\004\100\004\070\004\103\000\040\004\257\004\257\004\101\004\063\004\115\004\105\000\040\004\076\004\075\004\106\004\073\004\076\004\063}{section.158}% 82
\BOOKMARK [2][-]{subsection.167}{\376\377\000A\000I\000\040\004\060\004\110\004\070\004\063\004\073\004\060\004\101\004\075\004\113\000\040\004\064\004\060\004\062\004\103\004\103\000\040\004\102\004\060\004\073}{section.158}% 83
\BOOKMARK [1][-]{section.168}{\376\377\004\021\004\257\004\073\004\063\004\070\004\071\004\075\000\040\004\064\004\257\004\063\004\075\004\115\004\073\004\102}{chapter.138}% 84
\BOOKMARK [0][-]{chapter.169}{\376\377\004\041\004\070\004\101\004\102\004\065\004\074\004\070\004\071\004\075\000\040\004\105\004\351\004\063\004\066\004\257\004\257\004\073\004\115\004\073\004\102}{}% 85
\BOOKMARK [1][-]{section.170}{\376\377\004\045\004\351\004\063\004\066\004\257\004\257\004\073\004\115\004\073\004\102\004\070\004\071\004\075\000\040\004\076\004\100\004\107\004\070\004\075\000\040\004\061\004\060\000\040\004\102\004\065\004\105\004\075\004\076\004\073\004\076\004\063\004\070}{chapter.169}% 86
\BOOKMARK [1][-]{section.171}{\376\377\004\034\004\076\004\064\004\103\004\073\004\114\000\040\004\061\004\060\000\040\004\061\004\257\004\100\004\115\004\073\004\064\004\115\004\105\004\257\004\257\004\075\000\040\004\105\004\115\004\101\004\063\004\257\004\257\004\064}{chapter.169}% 87
\BOOKMARK [1][-]{section.173}{\376\377\000A\000P\000I\000\040\004\061\004\076\004\073\004\076\004\075\000\040\004\351\004\063\004\351\004\063\004\064\004\351\004\073\000\040\004\101\004\076\004\073\004\070\004\073\004\106\004\076\004\076}{chapter.169}% 88
\BOOKMARK [1][-]{section.174}{\376\377\004\020\004\116\004\103\004\073\004\063\004\257\004\071\000\040\004\061\004\060\004\071\004\064\004\060\004\073\000\040\004\061\004\060\000\040\004\075\004\115\004\062\004\102\004\100\004\115\004\073\004\102}{chapter.169}% 89
\BOOKMARK [1][-]{section.176}{\376\377\000A\000I\000\040\004\070\004\075\004\102\004\065\004\063\004\100\004\060\004\106\004\107\004\070\004\073\004\060\004\073\000\040\000\050\000G\000e\000m\000i\000n\000i\000\040\000+\000\040\000R\000A\000G\000\051}{chapter.169}% 90
\BOOKMARK [1][-]{section.178}{\376\377\004\045\004\115\004\100\004\115\004\063\004\066\004\257\004\257\004\073\004\115\004\073\004\102\000\040\000\050\000I\000m\000p\000l\000e\000m\000e\000n\000t\000a\000t\000i\000o\000n\000\051}{chapter.169}% 91
\BOOKMARK [2][-]{subsection.179}{\376\377\004\045\004\115\004\100\004\115\004\063\004\073\004\115\004\063\004\107\004\070\004\071\004\075\000\040\004\061\004\257\004\100\004\102\004\063\004\115\004\073\000\040\000\050\000R\000e\000g\000i\000s\000t\000e\000r\000\051}{section.178}% 92
\BOOKMARK [2][-]{subsection.181}{\376\377\004\035\004\115\004\062\004\102\004\100\004\115\004\073\004\102\000\040\000\050\000L\000o\000g\000i\000n\000\051}{section.178}% 93
\BOOKMARK [2][-]{subsection.183}{\376\377\004\047\004\060\004\102\000\040\004\074\004\065\004\101\004\101\004\065\004\066\000\040\004\070\004\073\004\063\004\115\004\115\004\105\000\040\004\061\004\060\000\040\000A\000I\000\040\004\105\004\060\004\100\004\070\004\103\004\073\004\102\000\040\004\060\004\062\004\060\004\105}{section.178}% 94
\BOOKMARK [1][-]{section.185}{\376\377\004\021\004\257\004\073\004\063\004\070\004\071\004\075\000\040\004\064\004\257\004\063\004\075\004\115\004\073\004\102}{chapter.169}% 95
