\BOOKMARK [0][-]{section*.2}{\376\377\004\027\004\076\004\105\004\070\004\076\004\063\004\107\000\040\004\115\004\100\004\105\004\070\004\071\004\075\000\040\004\105\004\060\004\074\004\063\004\060\004\060\004\073\004\060\004\073}{}% 1
\BOOKMARK [0][-]{section*.2}{\376\377\004\045\004\103\004\100\004\060\004\060\004\075\004\063\004\103\004\071}{}% 2
\BOOKMARK [0][-]{section*.3}{\376\377\004\042\004\060\004\073\004\060\004\100\004\105\004\060\004\073}{}% 3
\BOOKMARK [0][-]{chapter.7}{\376\377\004\041\004\103\004\064\004\060\004\073\004\063\004\060\004\060\004\075\004\113\000\040\004\105\004\115\004\101\004\115\004\063}{}% 4
\BOOKMARK [1][-]{section.8}{\376\377\004\041\004\070\004\101\004\102\004\065\004\074\004\070\004\071\004\075\000\040\004\067\004\076\004\100\004\070\004\073\004\063\004\076}{chapter.7}% 5
\BOOKMARK [1][-]{section.9}{\376\377\004\041\004\070\004\101\004\102\004\065\004\074\004\070\004\071\004\075\000\040\004\067\004\076\004\100\004\070\004\073\004\102}{chapter.7}% 6
\BOOKMARK [1][-]{section.10}{\376\377\004\030\004\066\004\070\004\073\000\040\004\102\004\351\004\101\004\102\004\115\004\071\000\040\004\101\004\070\004\101\004\102\004\065\004\074\004\070\004\071\004\075\000\040\004\101\004\103\004\064\004\060\004\073\004\063\004\060\004\060}{chapter.7}% 7
\BOOKMARK [2][-]{subsection.11}{\376\377\004\034\004\076\004\075\004\063\004\076\004\073\004\113\004\075\000\040\004\101\004\070\004\101\004\102\004\065\004\074\004\257\004\257\004\064\004\102\004\115\004\071\000\040\004\105\004\060\004\100\004\114\004\106\004\103\004\103\004\073\004\101\004\060\004\075\000\040\004\101\004\103\004\064\004\060\004\073\004\063\004\060\004\060}{section.10}% 8
\BOOKMARK [2][-]{subsection.12}{\376\377\004\023\004\060\004\064\004\060\004\060\004\064\004\113\004\075\000\040\004\101\004\070\004\101\004\102\004\065\004\074\004\257\004\257\004\064\004\102\004\115\004\071\000\040\004\105\004\060\004\100\004\114\004\106\004\103\004\103\004\073\004\101\004\060\004\075\000\040\004\101\004\103\004\064\004\060\004\073\004\063\004\060\004\060}{section.10}% 9
\BOOKMARK [1][-]{section.13}{\376\377\004\045\004\103\004\103\004\073\004\114\000\040\004\064\004\257\004\100\004\115\004\074\000\040\004\066\004\103\004\100\004\060\004\074}{chapter.7}% 10
\BOOKMARK [0][-]{chapter.14}{\376\377\004\041\004\070\004\101\004\102\004\065\004\074\004\070\004\071\004\075\000\040\004\110\004\060\004\060\004\100\004\064\004\073\004\060\004\063\004\060\000\040\004\061\004\060\000\040\004\110\004\070\004\075\004\066\004\070\004\073\004\063\004\115\004\115}{}% 11
\BOOKMARK [1][-]{section.15}{\376\377\004\041\004\070\004\101\004\102\004\065\004\074\004\070\004\071\004\075\000\040\004\257\004\071\004\073\000\040\004\060\004\066\004\070\004\073\004\073\004\060\004\063\004\060\004\060\004\075\004\113\000\040\004\102\004\103\004\105\004\060\004\071\000\040\004\064\004\115\004\073\004\063\004\115\004\100\004\115\004\075\004\063\004\257\004\071\000\040}{chapter.14}% 12
\BOOKMARK [1][-]{section.16}{\376\377\004\041\004\070\004\101\004\102\004\065\004\074\004\070\004\071\004\063\000\040\004\060\004\110\004\070\004\063\004\073\004\060\004\105\000\040\004\105\004\115\004\100\004\115\004\063\004\073\004\115\004\063\004\107\004\070\004\064}{chapter.14}% 13
\BOOKMARK [1][-]{section.17}{\376\377\004\044\004\103\004\075\004\072\004\106\004\070\004\076\004\075\004\060\004\073\000\040\004\110\004\060\004\060\004\100\004\064\004\073\004\060\004\063\004\060}{chapter.14}% 14
\BOOKMARK [1][-]{section.21}{\376\377\004\044\004\103\004\075\004\072\004\106\004\070\004\076\004\075\004\060\004\073\000\040\004\061\004\103\004\101\000\040\004\110\004\060\004\060\004\100\004\064\004\073\004\060\004\063\004\060}{chapter.14}% 15
\BOOKMARK [2][-]{subsection.22}{\376\377\004\023\004\257\004\071\004\106\004\115\004\102\004\063\004\115\004\073\004\070\004\071\004\075\000\040\004\110\004\060\004\060\004\100\004\064\004\073\004\060\004\063\004\060}{section.21}% 16
\BOOKMARK [2][-]{subsection.26}{\376\377\004\020\004\116\004\103\004\073\004\063\004\257\004\071\000\040\004\061\004\060\004\071\004\064\004\073\004\113\004\075\000\040\004\110\004\060\004\060\004\100\004\064\004\073\004\060\004\063\004\060}{section.21}% 17
\BOOKMARK [2][-]{subsection.27}{\376\377\004\045\004\060\004\074\004\063\004\060\004\060\004\073\004\060\004\073\004\102\000,\000\040\004\075\004\103\004\103\004\106\004\073\004\060\004\073\004\113\004\075\000\040\004\110\004\060\004\060\004\100\004\064\004\073\004\060\004\063\004\060}{section.21}% 18
\BOOKMARK [2][-]{subsection.28}{\376\377\004\037\004\100\004\076\004\063\004\100\004\060\004\074\000\040\004\105\004\060\004\075\004\063\004\060\004\074\004\066\004\070\004\071\004\075\000\040\004\107\004\060\004\075\004\060\004\100\004\113\004\075\000\040\004\110\004\060\004\060\004\100\004\064\004\073\004\060\004\063\004\060}{section.21}% 19
\BOOKMARK [1][-]{section.29}{\376\377\004\020\004\110\004\070\004\063\004\073\004\060\004\101\004\060\004\075\000\040\004\102\004\065\004\105\004\075\004\076\004\073\004\076\004\063\004\070\000,\000\040\004\102\004\065\004\105\004\075\004\070\004\072\004\070\004\071\004\075\000\040\004\110\004\060\004\060\004\100\004\064\004\073\004\060\004\063\004\060}{chapter.14}% 20
\BOOKMARK [2][-]{subsection.30}{\376\377\004\042\004\065\004\105\004\075\004\076\004\073\004\076\004\063\004\070\004\071\004\075\000\040\004\110\004\060\004\060\004\100\004\064\004\073\004\060\004\063\004\060}{section.29}% 21
\BOOKMARK [3][-]{subsubsection*.31}{\376\377\004\037\004\100\004\076\004\063\004\100\004\060\004\074\000\040\004\060\004\066\004\070\004\073\004\073\004\060\004\105\000\040\004\257\004\071\004\073\004\064\004\073\004\070\004\071\004\075\000\040\004\101\004\070\004\101\004\102\004\065\004\074\004\070\004\071\004\075\000\040\004\101\004\076\004\075\004\063\004\076\004\073\004\102}{subsection.30}% 22
\BOOKMARK [3][-]{subsubsection*.34}{\376\377\004\037\004\100\004\076\004\063\004\100\004\060\004\074\000\040\004\105\004\351\004\063\004\066\004\257\004\257\004\073\004\115\004\105\000\040\004\105\004\115\004\073\004\075\004\070\004\071\000\040\004\101\004\076\004\075\004\063\004\076\004\073\004\102}{subsection.30}% 23
\BOOKMARK [3][-]{subsubsection*.39}{\376\377\004\037\004\100\004\076\004\063\004\100\004\060\004\074\000\040\004\105\004\351\004\063\004\066\004\257\004\257\004\073\004\115\004\105\000\040\004\105\004\115\004\073\004\075\004\070\004\071\000\040\004\101\004\076\004\075\004\063\004\076\004\073\004\102}{subsection.30}% 24
\BOOKMARK [3][-]{subsubsection*.44}{\376\377\004\350\004\063\004\351\004\063\004\064\004\073\004\070\004\071\004\075\000\040\004\101\004\060\004\075\004\063\004\070\004\071\004\075\000\040\004\103\004\064\004\070\004\100\004\064\004\060\004\105\000\040\004\101\004\070\004\101\004\102\004\065\004\074\004\070\004\071\004\075\000\040\004\101\004\076\004\075\004\063\004\076\004\073\004\102}{subsection.30}% 25
\BOOKMARK [3][-]{subsubsection*.45}{\376\377\004\021\004\060\004\100\004\070\004\074\004\102\000\040\004\061\004\070\004\107\004\063\004\070\004\071\004\075\000\040\004\061\004\076\004\073\004\076\004\062\004\101\004\100\004\103\004\103\004\073\004\060\004\073\004\102\004\113\004\075\000\040\004\101\004\070\004\101\004\102\004\065\004\074\004\070\004\071\004\075\000\040\004\101\004\076\004\075\004\063\004\076\004\073\004\102}{subsection.30}% 26
\BOOKMARK [2][-]{subsection.46}{\376\377\004\042\004\065\004\105\004\075\004\070\004\072\004\070\004\071\004\075\000\040\004\110\004\060\004\060\004\100\004\064\004\073\004\060\004\063\004\060}{section.29}% 27
\BOOKMARK [3][-]{subsubsection*.47}{\376\377\004\036\004\100\004\076\004\073\004\102\000\040\004\063\004\060\004\100\004\060\004\073\004\102\004\113\004\075\000\040\004\102\004\351\004\105\004\351\004\351\004\100\004\351\004\074\004\066\004\257\004\257\004\064\004\070\004\071\004\075\000\040\004\110\004\060\004\060\004\100\004\064\004\073\004\060\004\063\004\060}{subsection.46}% 28
\BOOKMARK [1][-]{section.49}{\376\377\004\056\004\067\004\072\004\065\004\071\004\101\000\040\004\064\004\070\004\060\004\063\004\100\004\060\004\074}{chapter.14}% 29
\BOOKMARK [1][-]{section.51}{\376\377\004\056\004\067\004\072\004\065\004\071\004\101\000\040\004\064\004\070\004\060\004\063\004\100\004\060\004\074\004\113\004\075\000\040\004\102\004\076\004\064\004\076\004\100\004\105\004\076\004\071\004\073\004\076\004\073\004\102}{chapter.14}% 30
\BOOKMARK [0][-]{chapter.80}{\376\377\004\042\004\351\004\101\004\073\004\070\004\071\004\075\000\040\004\105\004\115\004\101\004\115\004\063}{}% 31
\BOOKMARK [1][-]{section.81}{\376\377\004\020\004\066\004\073\004\113\004\075\000\040\004\103\004\100\004\101\004\063\004\060\004\073\004\113\004\075\000\040\004\064\004\070\004\060\004\063\004\100\004\060\004\074}{chapter.80}% 32
\BOOKMARK [1][-]{section.84}{\376\377\004\350\004\063\004\351\004\063\004\064\004\073\004\070\004\071\004\075\000\040\004\065\004\100\004\351\004\075\004\105\004\070\004\071\000\040\004\101\004\105\004\065\004\074}{chapter.80}% 33
\BOOKMARK [1][-]{section.86}{\376\377\004\256\004\071\004\073\000\040\004\060\004\066\004\070\004\073\004\073\004\060\004\063\004\060\004\060\004\075\004\113\000\040\004\064\004\070\004\060\004\063\004\100\004\060\004\074}{chapter.80}% 34
\BOOKMARK [1][-]{section.90}{\376\377\004\032\004\073\004\060\004\101\004\101\000\040\004\064\004\070\004\060\004\063\004\100\004\060\004\074}{chapter.80}% 35
\BOOKMARK [1][-]{section.93}{\376\377\004\024\004\060\004\100\004\060\004\060\004\073\004\073\004\113\004\075\000\040\004\064\004\070\004\060\004\063\004\100\004\060\004\074\000\040}{chapter.80}% 36
\BOOKMARK [1][-]{section.95}{\376\377\004\042\004\351\004\073\004\351\004\062\004\070\004\071\004\075\000\040\004\064\004\070\004\060\004\063\004\100\004\060\004\074\000\040}{chapter.80}% 37
\BOOKMARK [1][-]{section.97}{\376\377\004\024\004\115\004\073\004\063\004\115\004\106\004\070\004\071\004\075\000\040\004\067\004\076\004\105\004\070\004\076\004\074\004\066}{chapter.80}% 38
\BOOKMARK [1][-]{section.116}{\376\377\004\042\004\060\004\071\004\073\004\060\004\075\000,\000\040\004\101\004\102\004\060\004\102\004\070\004\101\004\102\004\070\004\072\000\040\004\257\004\067\004\257\004\257\004\073\004\115\004\073\004\102\004\070\004\071\004\075\000\040\004\067\004\060\004\063\004\062\004\060\004\100\000\040}{chapter.80}% 39
\BOOKMARK [1][-]{section.119}{\376\377\004\025\004\100\004\351\004\075\004\105\004\070\004\071\000\040\004\064\004\257\004\063\004\075\004\115\004\073\004\102}{chapter.80}% 40
