\BOOKMARK [0][-]{section*.1}{\376\377\004\027\004\076\004\105\004\070\004\076\004\063\004\107\000\040\004\115\004\100\004\105\004\070\004\071\004\075\000\040\004\105\004\060\004\074\004\063\004\060\004\060\004\073\004\060\004\073}{}% 1
\BOOKMARK [0][-]{chapter*.2}{\376\377\004\045\004\103\004\100\004\060\004\060\004\075\004\063\004\103\004\071}{}% 2
\BOOKMARK [0][-]{section*.3}{\376\377\004\042\004\060\004\073\004\060\004\100\004\105\004\060\004\073}{}% 3
\BOOKMARK [0][-]{chapter.1}{\376\377\004\036\004\100\004\110\004\070\004\073}{}% 4
\BOOKMARK [1][-]{section.1.1}{\376\377\004\041\004\103\004\064\004\060\004\073\004\063\004\060\004\060\004\075\004\113\000\040\004\257\004\075\004\064\004\115\004\101\004\073\004\115\004\073}{chapter.1}% 5
\BOOKMARK [1][-]{section.1.2}{\376\377\004\041\004\103\004\064\004\060\004\073\004\063\004\060\004\060\004\075\004\113\000\040\004\067\004\076\004\100\004\070\004\073\004\063\004\076}{chapter.1}% 6
\BOOKMARK [1][-]{section.1.3}{\376\377\004\041\004\103\004\064\004\060\004\073\004\063\004\060\004\060\004\075\004\113\000\040\004\060\004\101\004\103\004\103\004\073\004\102}{chapter.1}% 7
\BOOKMARK [1][-]{section.1.4}{\376\377\004\041\004\103\004\064\004\060\004\073\004\063\004\060\004\060\004\075\004\113\000\040\004\102\004\060\004\060\004\074\004\060\004\063\004\073\004\060\004\073}{chapter.1}% 8
\BOOKMARK [1][-]{section.1.5}{\376\377\004\041\004\103\004\064\004\060\004\073\004\063\004\060\004\060\004\075\004\113\000\040\004\060\004\107\000\040\004\105\004\076\004\073\004\061\004\076\004\063\004\064\004\076\004\073}{chapter.1}% 9
\BOOKMARK [1][-]{section.1.6}{\376\377\004\041\004\103\004\064\004\060\004\073\004\063\004\060\004\060\004\075\004\113\000\040\004\105\004\257\004\100\004\115\004\115\000\040\004\061\004\060\000\040\004\105\004\117\004\067\004\063\004\060\004\060\004\100\004\073\004\060\004\073\004\102}{chapter.1}% 10
\BOOKMARK [1][-]{section.1.7}{\376\377\004\041\004\103\004\064\004\060\004\073\004\063\004\060\004\060\004\075\004\113\000\040\004\060\004\100\004\063\004\060\004\107\004\073\004\060\004\073\004\113\004\075\000\040\004\065\004\100\004\351\004\075\004\105\004\070\004\071\000\040\004\067\004\060\004\063\004\062\004\060\004\100}{chapter.1}% 11
\BOOKMARK [1][-]{section.1.8}{\376\377\004\024\004\070\004\077\004\073\004\076\004\074\004\113\004\075\000\040\004\060\004\066\004\073\004\113\004\075\000\040\004\061\004\257\004\102\004\115\004\106}{chapter.1}% 12
\BOOKMARK [0][-]{chapter.2}{\376\377\004\036\004\075\004\076\004\073\004\113\004\075\000\040\004\105\004\115\004\101\004\115\004\063}{}% 13
\BOOKMARK [1][-]{section.2.1}{\376\377\000F\000a\000c\000e\000b\000o\000o\000k\000\040\004\351\004\063\004\351\004\063\004\064\004\351\004\073\000\040\004\106\004\103\004\063\004\073\004\103\004\103\004\073\004\060\004\105\000\040\004\076\004\075\004\076\004\073}{chapter.2}% 14
\BOOKMARK [1][-]{section.2.2}{\376\377\000R\000E\000S\000T\000\040\000A\000P\000I\000\040\004\061\004\060\000\040\000d\000a\000s\000h\000b\000o\000a\000r\000d\000\040\004\060\004\100\004\105\004\070\004\102\004\065\004\072\004\102\004\103\004\100}{chapter.2}% 15
\BOOKMARK [1][-]{section.2.3}{\376\377\004\350\004\063\004\351\004\063\004\064\004\073\004\070\004\071\004\075\000\040\004\101\004\060\004\075\000\040\004\061\004\060\000\040\000O\000R\000M}{chapter.2}% 16
\BOOKMARK [1][-]{section.2.4}{\376\377\000S\000e\000n\000t\000i\000m\000e\000n\000t\000,\000\040\000t\000o\000p\000i\000c\000,\000\040\000e\000n\000g\000a\000g\000e\000m\000e\000n\000t\000\040\000a\000n\000a\000l\000y\000s\000i\000s}{chapter.2}% 17
\BOOKMARK [1][-]{section.2.5}{\376\377\000A\000I\000\040\004\102\004\060\004\071\004\073\004\060\004\075\000\040\004\257\004\257\004\101\004\063\004\115\004\105}{chapter.2}% 18
\BOOKMARK [1][-]{section.2.6}{\376\377\004\030\004\066\004\070\004\073\000\040\004\102\004\351\004\101\004\102\004\115\004\071\000\040\004\110\004\070\004\071\004\064\004\073\004\257\004\257\004\064\004\102\004\115\004\071\000\040\004\105\004\060\004\100\004\114\004\106\004\103\004\103\004\073\004\060\004\073\004\102}{chapter.2}% 19
\BOOKMARK [1][-]{section.2.7}{\376\377\004\042\004\065\004\105\004\075\004\070\004\072\004\070\004\071\004\075\000\040\004\101\004\076\004\100\004\070\004\073\004\102\004\103\004\103\004\064}{chapter.2}% 20
\BOOKMARK [0][-]{chapter.3}{\376\377\004\020\004\100\004\063\004\060\000\040\004\067\004\257\004\071}{}% 21
\BOOKMARK [1][-]{section.3.1}{\376\377\004\041\004\070\004\101\004\102\004\065\004\074\004\070\004\071\004\075\000\040\004\060\004\100\004\105\004\070\004\102\004\065\004\072\004\102\004\103\004\100}{chapter.3}% 22
\BOOKMARK [2][-]{subsection.3.1.1}{\376\377\004\350\004\063\004\351\004\063\004\064\004\073\004\070\004\071\004\075\000\040\004\101\004\060\004\075\004\063\004\070\004\071\004\075\000\040\000E\000R\000D\000\040\004\064\004\070\004\060\004\063\004\100\004\060\004\074}{section.3.1}% 23
\BOOKMARK [2][-]{subsection.3.1.2}{\376\377\004\041\004\070\004\101\004\102\004\065\004\074\004\070\004\071\004\075\000\040\004\060\004\100\004\105\004\070\004\102\004\065\004\072\004\102\004\103\004\100\004\113\004\075\000\040\004\064\004\070\004\060\004\063\004\100\004\060\004\074}{section.3.1}% 24
\BOOKMARK [2][-]{subsection.3.1.3}{\376\377\004\350\004\063\004\351\004\063\004\064\004\073\004\070\004\071\004\075\000\040\004\103\004\100\004\101\004\063\004\060\004\073}{section.3.1}% 25
\BOOKMARK [1][-]{section.3.2}{\376\377\004\042\004\065\004\105\004\075\004\076\004\073\004\076\004\063\004\070\004\071\004\075\000\040\004\101\004\076\004\075\004\063\004\076\004\073\004\102}{chapter.3}% 26
\BOOKMARK [1][-]{section.3.3}{\376\377\004\350\004\063\004\351\004\063\004\064\004\073\004\070\004\071\004\075\000\040\004\067\004\060\004\063\004\062\004\060\004\100}{chapter.3}% 27
\BOOKMARK [1][-]{section.3.4}{\376\377\004\020\004\073\004\063\004\076\004\100\004\070\004\102\004\074}{chapter.3}% 28
\BOOKMARK [2][-]{subsection.3.4.1}{\376\377\000S\000c\000r\000a\000p\000e\000r\000\040\000w\000o\000r\000k\000f\000l\000o\000w}{section.3.4}% 29
\BOOKMARK [2][-]{subsection.3.4.2}{\376\377\000A\000n\000a\000l\000y\000s\000i\000s\000\040\000w\000o\000r\000k\000f\000l\000o\000w}{section.3.4}% 30
\BOOKMARK [2][-]{subsection.3.4.3}{\376\377\000F\000r\000o\000n\000t\000e\000n\000d\000\040\000w\000o\000r\000k\000f\000l\000o\000w}{section.3.4}% 31
\BOOKMARK [1][-]{section.3.5}{\376\377\000U\000M\000L\000\040\004\061\004\076\004\073\004\076\004\075\000\040\004\021\004\070\004\067\004\075\004\065\004\101\000\040\004\077\004\100\004\076\004\106\004\065\004\101\004\101\004\113\004\075\000\040\004\064\004\070\004\060\004\063\004\100\004\060\004\074\004\103\004\103\004\064}{chapter.3}% 32
\BOOKMARK [2][-]{subsection.3.5.1}{\376\377\004\021\004\070\004\067\004\075\004\065\004\101\000\040\004\077\004\100\004\076\004\106\004\065\004\101\004\101\004\113\004\075\000\040\004\064\004\070\004\060\004\063\004\100\004\060\004\074\000\040\000\050\000B\000P\000M\000N\000\051}{section.3.5}% 33
\BOOKMARK [2][-]{subsection.3.5.2}{\376\377\000U\000s\000e\000\040\000C\000a\000s\000e\000\040\004\064\004\070\004\060\004\063\004\100\004\060\004\074}{section.3.5}% 34
\BOOKMARK [2][-]{subsection.3.5.3}{\376\377\000S\000e\000q\000u\000e\000n\000c\000e\000\040\004\064\004\070\004\060\004\063\004\100\004\060\004\074}{section.3.5}% 35
\BOOKMARK [2][-]{subsection.3.5.4}{\376\377\000A\000c\000t\000i\000v\000i\000t\000y\000\040\004\064\004\070\004\060\004\063\004\100\004\060\004\074}{section.3.5}% 36
\BOOKMARK [2][-]{subsection.3.5.5}{\376\377\000S\000t\000a\000t\000e\000\040\004\064\004\070\004\060\004\063\004\100\004\060\004\074}{section.3.5}% 37
\BOOKMARK [1][-]{section.3.6}{\376\377\004\042\004\103\004\100\004\110\004\070\004\073\004\102\004\113\004\075\000\040\004\076\004\100\004\107\004\070\004\075}{chapter.3}% 38
\BOOKMARK [0][-]{chapter.4}{\376\377\004\045\004\115\004\100\004\115\004\063\004\066\004\070\004\073\004\102}{}% 39
\BOOKMARK [1][-]{section.4.1}{\376\377\004\042\004\351\004\101\004\073\004\070\004\071\004\075\000\040\004\061\004\257\004\102\004\115\004\106}{chapter.4}% 40
\BOOKMARK [1][-]{section.4.2}{\376\377\000F\000r\000o\000n\000t\000e\000n\000d\000\040\004\105\004\115\004\100\004\115\004\063\004\066\004\070\004\073\004\102}{chapter.4}% 41
\BOOKMARK [2][-]{subsection.4.2.1}{\376\377\000D\000a\000s\000h\000b\000o\000a\000r\000d}{section.4.2}% 42
\BOOKMARK [2][-]{subsection.4.2.2}{\376\377\000D\000a\000t\000a\000\040\000S\000o\000u\000r\000c\000e\000s}{section.4.2}% 43
\BOOKMARK [2][-]{subsection.4.2.3}{\376\377\000P\000r\000e\000d\000i\000c\000t\000i\000v\000e\000\040\000A\000n\000a\000l\000y\000s\000i\000s}{section.4.2}% 44
\BOOKMARK [2][-]{subsection.4.2.4}{\376\377\000A\000d\000m\000i\000n\000\040\000C\000o\000n\000t\000r\000o\000l}{section.4.2}% 45
\BOOKMARK [1][-]{section.4.3}{\376\377\000B\000a\000c\000k\000e\000n\000d\000\040\000A\000P\000I\000\040\004\105\004\115\004\100\004\115\004\063\004\066\004\070\004\073\004\102}{chapter.4}% 46
\BOOKMARK [1][-]{section.4.4}{\376\377\000S\000c\000r\000a\000p\000e\000r\000\040\004\105\004\115\004\100\004\115\004\063\004\066\004\070\004\073\004\102}{chapter.4}% 47
\BOOKMARK [1][-]{section.4.5}{\376\377\000D\000a\000t\000a\000b\000a\000s\000e\000\040\000l\000a\000y\000e\000r}{chapter.4}% 48
\BOOKMARK [1][-]{section.4.6}{\376\377\004\027\004\060\004\063\004\062\004\060\004\100\000\040\004\101\004\103\004\100\004\063\004\060\004\073\004\102\000\040\004\061\004\076\004\073\004\076\004\075\000\040\000A\000I\000\040\004\070\004\075\004\102\004\065\004\063\004\100\004\060\004\106\004\070\000\040\000\050\000M\000a\000c\000h\000i\000n\000e\000\040\000L\000e\000a\000r\000n\000i\000n\000g\000\040\000P\000i\000p\000e\000l\000i\000n\000e\000\051}{chapter.4}% 49
\BOOKMARK [1][-]{section.4.7}{\376\377\000A\000I\000\040\000r\000e\000p\000o\000r\000t\000\040\004\105\004\115\004\100\004\115\004\063\004\066\004\070\004\073\004\102}{chapter.4}% 50
\BOOKMARK [1][-]{section.4.8}{\376\377\000E\000x\000p\000o\000r\000t\000\040\004\061\004\060\000\040\000i\000n\000t\000e\000g\000r\000a\000t\000i\000o\000n}{chapter.4}% 51
\BOOKMARK [1][-]{section.4.9}{\376\377\004\041\004\070\004\101\004\102\004\065\004\074\004\070\004\071\004\075\000\040\004\102\004\103\004\100\004\110\004\070\004\073\004\102\000\040\000\050\000T\000e\000s\000t\000\040\000c\000a\000s\000e\000s\000\051}{chapter.4}% 52
\BOOKMARK [0][-]{chapter.5}{\376\377\004\256\004\100\000\040\004\064\004\257\004\075}{}% 53
\BOOKMARK [1][-]{section.5.1}{\376\377\004\045\004\115\004\100\004\115\004\063\004\066\004\070\004\073\004\102\004\070\004\071\004\075\000\040\004\257\004\100\000\040\004\064\004\257\004\075}{chapter.5}% 54
\BOOKMARK [1][-]{section.5.2}{\376\377\000F\000r\000o\000n\000t\000e\000n\000d\000\040\000w\000o\000r\000k\000f\000l\000o\000w\000-\004\070\004\071\004\075\000\040\004\257\004\100\000\040\004\064\004\257\004\075}{chapter.5}% 55
\BOOKMARK [1][-]{section.5.3}{\376\377\000B\000a\000c\000k\000e\000n\000d\000\040\000A\000P\000I\000-\004\070\004\071\004\075\000\040\004\257\004\100\000\040\004\064\004\257\004\075}{chapter.5}% 56
\BOOKMARK [1][-]{section.5.4}{\376\377\004\350\004\063\004\351\004\063\004\064\004\073\004\070\004\071\004\075\000\040\004\101\004\060\004\075\004\063\004\070\004\071\004\075\000\040\004\257\004\100\000\040\004\064\004\257\004\075}{chapter.5}% 57
\BOOKMARK [1][-]{section.5.5}{\376\377\000A\000n\000a\000l\000y\000s\000i\000s\000\040\000w\000o\000r\000k\000f\000l\000o\000w\000-\004\070\004\071\004\075\000\040\004\257\004\100\000\040\004\064\004\257\004\075}{chapter.5}% 58
\BOOKMARK [1][-]{section.5.6}{\376\377\004\042\004\060\004\071\004\073\004\060\004\075\004\063\004\070\004\071\004\075\000\040\004\061\004\076\004\073\004\076\004\062\004\101\004\100\004\103\004\103\004\073\004\060\004\073\004\102\000\040\004\061\004\060\000\040\000A\000I\000\040\004\042\004\060\004\071\004\073\004\060\004\075}{chapter.5}% 59
\BOOKMARK [1][-]{section.5.7}{\376\377\004\045\004\117\004\067\004\063\004\060\004\060\004\100\004\073\004\060\004\073\004\102\000\040\004\061\004\060\000\040\004\115\004\100\004\101\004\064\004\115\004\073}{chapter.5}% 60
\BOOKMARK [1][-]{section.5.8}{\376\377\004\256\004\100\000\040\004\064\004\257\004\075\004\063\004\070\004\071\004\075\000\040\004\105\004\115\004\073\004\115\004\073\004\106\004\257\004\257\004\073\004\115\004\063}{chapter.5}% 61
\BOOKMARK [0][-]{chapter.6}{\376\377\004\024\004\257\004\063\004\075\004\115\004\073\004\102}{}% 62
\BOOKMARK [1][-]{section.6.1}{\376\377\004\256\004\075\004\064\004\101\004\115\004\075\000\040\004\257\004\100\000\040\004\064\004\257\004\075}{chapter.6}% 63
\BOOKMARK [1][-]{section.6.2}{\376\377\004\050\004\070\004\075\004\115\004\073\004\115\004\063\000\040\004\102\004\060\004\073}{chapter.6}% 64
\BOOKMARK [1][-]{section.6.3}{\376\377\004\045\004\117\004\067\004\063\004\060\004\060\004\100\004\073\004\060\004\073\004\102}{chapter.6}% 65
\BOOKMARK [1][-]{section.6.4}{\376\377\004\046\004\060\004\060\004\110\004\064\004\113\004\075\000\040\004\105\004\351\004\063\004\066\004\257\004\257\004\073\004\115\004\073\004\102}{chapter.6}% 66
\BOOKMARK [1][-]{section.6.5}{\376\377\004\035\004\115\004\063\004\102\004\063\004\115\004\073}{chapter.6}% 67
\BOOKMARK [0][-]{chapter*.23}{\376\377\004\035\004\076\004\074\000\040\004\067\004\257\004\071}{}% 68
\BOOKMARK [0][-]{appendix.A}{\376\377\004\045\004\060\004\062\004\101\004\100\004\060\004\073\004\102}{}% 69
\BOOKMARK [1][-]{section.A.1}{\376\377\004\041\004\070\004\101\004\102\004\065\004\074\004\070\004\071\004\075\000\040\004\102\004\076\004\105\004\070\004\100\004\063\004\076\004\076\004\075\004\113\000\040\004\066\004\070\004\110\004\115\004\115}{appendix.A}% 70
\BOOKMARK [1][-]{section.A.2}{\376\377\000A\000P\000I\000\040\000E\000n\000d\000p\000o\000i\000n\000t\000\040\004\066\004\070\004\110\004\115\004\115}{appendix.A}% 71
\BOOKMARK [1][-]{section.A.3}{\376\377\004\350\004\063\004\351\004\063\004\064\004\073\004\070\004\071\004\075\000\040\004\101\004\060\004\075\004\063\004\070\004\071\004\075\000\040\004\101\004\105\004\065\004\074}{appendix.A}% 72
